Microchip MPLAB XC8 Compiler V1.38 ()

Linker command line:

-W-3 --edf=C:\Program Files (x86)\Microchip\xc8\v1.38\dat\en_msgs.txt -cs \
  -h+dist/default/production\65k80EndNode.X.production.sym \
  --cmf=dist/default/production\65k80EndNode.X.production.cmf -z \
  -Q18LF65K80 -oC:\Users\user\AppData\Local\Temp\s270.2 \
  -Mdist/default/production/65k80EndNode.X.production.map -E1 -ver=XC8 \
  -ASTACK=06FEh-0e40h -pstack=STACK -ACODE=00h-07FFFh -ACONST=00h-07FFFh \
  -ASMALLCONST=0F00h-0FFFhx113 -AMEDIUMCONST=0F00h-07FFFh -ACOMRAM=01h-05Fh \
  -AABS1=00h-0E40h -ABIGRAM=01h-0E40h \
  -ARAM=060h-0FFh,0100h-01FFhx13,0E00h-0E40h -ABANK0=060h-0FFh \
  -ABANK1=0100h-01FFh -ABANK2=0200h-02FFh -ABANK3=0300h-03FFh \
  -ABANK4=0400h-04FFh -ABANK5=0500h-05FFh -ABANK6=0600h-06FFh \
  -ABANK7=0700h-07FFh -ABANK8=0800h-08FFh -ABANK9=0900h-09FFh \
  -ABANK10=0A00h-0AFFh -ABANK11=0B00h-0BFFh -ABANK12=0C00h-0CFFh \
  -ABANK13=0D00h-0DFFh -ABANK14=0E00h-0E40h \
  -ASFR=0E41h-0EFFh,0F00h-0F5Fh,0F60h-0FFFh \
  -preset_vec=00h,intcode=08h,intcodelo,powerup,init,end_init \
  -pramtop=0F00h -psmallconst=SMALLCONST -pmediumconst=MEDIUMCONST \
  -pconst=CONST -AFARRAM=00h-00h -ACONFIG=0300000h-030000Dh -pconfig=CONFIG \
  -AIDLOC=0200000h-0200007h -pidloc=IDLOC -AEEDATA=0F00000h-0F003FFh \
  -peeprom_data=EEDATA \
  -prdata=COMRAM,nvrram=COMRAM,nvbit=COMRAM,rbss=COMRAM,rbit=COMRAM \
  -pfarbss=FARRAM,fardata=FARRAM,nvFARRAM=FARRAM \
  -pintsave_regs=BIGRAM,bigbss=BIGRAM,bigdata=BIGRAM -pbss=RAM \
  -pidata=CODE,irdata=CODE,ibigdata=CODE,ifardata=CODE -prparam=COMRAM \
  C:\Users\user\AppData\Local\Temp\s270.obj \
  dist/default/production\65k80EndNode.X.production.obj 

Object code version is 3.11

Machine type is 18LF65K80

Call graph: (short form)




                Name                               Link     Load   Length Selector   Space Scale
C:\Users\user\AppData\Local\Temp\s270.obj
                stack                               6FE      6FE      743      6FE       2
                end_init                             90       90        4        4       0
                init                                 8C       8C        4        4       0
                reset_vec                             0        0        4        0       0
                idloc                            200000   200000        8   200000       0
                config                           300000   300000        E   300000       0
dist/default/production\65k80EndNode.X.production.obj
                intcode                               8        8       84        4       0
                temp                                 4A       4A        C        1       1
                mediumconst                        7E6C     7E6C      194     3F36       0
                text218                            782A     782A        2        4       0
                text217                            7816     7816        4        4       0
                text216                            74C4     74C4       1E        4       0
                text215                            77F0     77F0        6        4       0
                text214                            7828     7828        2        4       0
                text213                            7812     7812        4        4       0
                text212                            74A6     74A6       1E        4       0
                text211                            77EA     77EA        6        4       0
                text210                            7826     7826        2        4       0
                text209                            7488     7488       1E        4       0
                text208                            77E4     77E4        6        4       0
                text207                            7824     7824        2        4       0
                text206                            780E     780E        4        4       0
                text205                            746A     746A       1E        4       0
                text204                            7708     7708        C        4       0
                text203                            73B4     73B4       20        4       0
                text202                            4E76     4E76       EC        4       0
                text201                            4C9C     4C9C       EE        4       0
                text200                            7536     7536       1C        4       0
                text199                            6DC4     6DC4       3E        4       0
                text198                            69CA     69CA       4C        4       0
                text197                            7822     7822        2        4       0
                text196                            744C     744C       1E        4       0
                text195                            72AA     72AA       24        4       0
                text193                            6152     6152       70        4       0
                text192                            688E     688E       52        4       0
                text191                            6794     6794       56        4       0
                text190                            71C0     71C0       2A        4       0
                text189                            63D2     63D2       66        4       0
                text188                            636C     636C       66        4       0
                text187                            6C88     6C88       42        4       0
                text186                            7394     7394       20        4       0
                text185                            4D8A     4D8A       EC        4       0
                text184                            4BAA     4BAA       F2        4       0
                text183                            751A     751A       1C        4       0
                text182                            6D86     6D86       3E        4       0
                text181                            5FEE     5FEE       7C        4       0
                text180                            5C6A     5C6A       88        4       0
                text179                            74FE     74FE       1C        4       0
                text178                            606A     606A       76        4       0
                text177                            371C     371C      19C        4       0
                text176                            780A     780A        4        4       0
                text175                            7806     7806        4        4       0
                text174                            7652     7652       14        4       0
                text173                            7196     7196       2A        4       0
                text172                            6FC4     6FC4       34        4       0
                text171                            7802     7802        4        4       0
                text170                            77FE     77FE        4        4       0
                text169                            7678     7678       10        4       0
                text168                            7778     7778        A        4       0
                text167                            742E     742E       1E        4       0
                text166                            6562     6562       62        4       0
                text165                            5042     5042       DC        4       0
                text164                            77DE     77DE        6        4       0
                text163                            7260     7260       26        4       0
                text162                            511E     511E       D8        4       0
                text161                            705C     705C       32        4       0
                text160                            38B8     38B8      196        4       0
                text159                            776E     776E        A        4       0
                text158                            697C     697C       4E        4       0
                text157                            568C     568C       B4        4       0
                text156                            3ECC     3ECC      15E        4       0
                text155                            5E78     5E78       7E        4       0
                text154                            55D6     55D6       B6        4       0
                text153                            76B2     76B2        E        4       0
                text152                            6682     6682       5E        4       0
                text151                            29C6     29C6      23C        4       0
                text150                            3D6A     3D6A      162        4       0
                text149                            2136     2136      2F2        4       0
                text148                            7212     7212       28        4       0
                text147                            6A60     6A60       4A        4       0
                text146                            48B6     48B6      102        4       0
                text145                            182A     182A      31C        4       0
                text144                            683C     683C       52        4       0
                text143                            6D48     6D48       3E        4       0
                text142                            5CF2     5CF2       86        4       0
                text141                            692E     692E       4E        4       0
                text140                            7312     7312       22        4       0
                text139                            4684     4684      12C        4       0
                text138                            6500     6500       62        4       0
                text137                            649C     649C       64        4       0
                text136                            52C6     52C6       CE        4       0
                text135                            13B2     13B2      478        4       0
                text134                            2FF2     2FF2      1EE        4       0
                text133                            77B2     77B2        8        4       0
                text132                            5D78     5D78       82        4       0
                text131                            70EC     70EC       2C        4       0
                text130                            7764     7764        A        4       0
                text129                            77AA     77AA        8        4       0
                text128                            77A2     77A2        8        4       0
                text127                            5F72     5F72       7C        4       0
                text126                            775A     775A        A        4       0
                text125                            7750     7750        A        4       0
                text124                            779A     779A        8        4       0
                text123                            6C46     6C46       42        4       0
                text122                            4F62     4F62       E0        4       0
                text121                            65C4     65C4       60        4       0
                text120                            756C     756C       1A        4       0
                text119                            5BDE     5BDE       8C        4       0
                text118                            76A4     76A4        E        4       0
                text117                            723A     723A       26        4       0
                text116                            2C02     2C02      200        4       0
                text115                            7410     7410       1E        4       0
                text114                            77D8     77D8        6        4       0
                text113                            7696     7696        E        4       0
                text112                            7688     7688        E        4       0
                text111                            7820     7820        2        4       0
                text110                            6302     6302       6A        4       0
                text109                            77D2     77D2        6        4       0
                text108                            7374     7374       20        4       0
                text107                            6D0A     6D0A       3E        4       0
                text106                             B32      B32      880        4       0
                text105                            3A4E     3A4E      192        4       0
                text104                            6624     6624       5E        4       0
                text103                            60E0     60E0       72        4       0
                text102                            5EF6     5EF6       7C        4       0
                text101                            5DFA     5DFA       7E        4       0
                text100                            6C04     6C04       42        4       0
                text99                             58A2     58A2       B0        4       0
                text98                             5740     5740       B2        4       0
                text97                             4182     4182      154        4       0
                text96                             5A00     5A00       A6        4       0
                text95                             77CC     77CC        6        4       0
                text94                             1E44     1E44      2F2        4       0
                text93                             1B46     1B46      2FE        4       0
                text92                             6CCA     6CCA       40        4       0
                text91                             545C     545C       BE        4       0
                text90                             7746     7746        A        4       0
                text89                             68E0     68E0       4E        4       0
                text88                             47B0     47B0      106        4       0
                text87                             673C     673C       58        4       0
                text86                             7614     7614       16        4       0
                text85                             7792     7792        8        4       0
                text84                             778A     778A        8        4       0
                text83                             6F22     6F22       38        4       0
                text82                             75E6     75E6       18        4       0
                text81                             763E     763E       14        4       0
                text80                             72F0     72F0       22        4       0
                text79                             356A     356A      1B2        4       0
                text78                             702A     702A       32        4       0
                text77                             73F2     73F2       1E        4       0
                text76                             6EEA     6EEA       38        4       0
                text75                             4AB4     4AB4       F6        4       0
                text74                             6FF8     6FF8       32        4       0
                text73                             6E78     6E78       3A        4       0
                text72                             6F90     6F90       34        4       0
                text71                             66E0     66E0       5C        4       0
                text70                             33A8     33A8      1C2        4       0
                text69                             75FE     75FE       16        4       0
                text68                             762A     762A       14        4       0
                text67                             42D6     42D6      148        4       0
                text66                             6A16     6A16       4A        4       0
                text65                             7286     7286       24        4       0
                text64                             2E02     2E02      1F0        4       0
                text63                             77C6     77C6        6        4       0
                text62                             716C     716C       2A        4       0
                text61                             6298     6298       6A        4       0
                text60                             441E     441E      134        4       0
                text59                             31E0     31E0      1C8        4       0
                text58                             7552     7552       1A        4       0
                text57                             622E     622E       6A        4       0
                text56                               94       94      A9E        4       0
                text55                             2710     2710      2B6        4       0
                text54                             5AA6     5AA6       9E        4       0
                text53                             67EA     67EA       52        4       0
                text52                             51F6     51F6       D0        4       0
                text51                             3BE0     3BE0      18A        4       0
                text50                             72CE     72CE       22        4       0
                text49                             6438     6438       64        4       0
                text48                             70BE     70BE       2E        4       0
                text47                             71EA     71EA       28        4       0
                text46                             6E3E     6E3E       3A        4       0
                text45                             6AAA     6AAA       48        4       0
                text44                             75CE     75CE       18        4       0
                text43                             75B6     75B6       18        4       0
                text42                             759E     759E       18        4       0
                text41                             7666     7666       12        4       0
                text40                             61C2     61C2       6C        4       0
                text39                             6F5A     6F5A       36        4       0
                text38                             6BC2     6BC2       42        4       0
                text37                             5394     5394       C8        4       0
                text36                             5952     5952       AE        4       0
                text35                             402A     402A      158        4       0
                text34                             49B8     49B8       FC        4       0
                text33                             73D4     73D4       1E        4       0
                text32                             4552     4552      132        4       0
                text31                             2428     2428      2E8        4       0
                text30                             57F2     57F2       B0        4       0
                text29                             6E02     6E02       3C        4       0
                text28                             7142     7142       2A        4       0
                text27                             7586     7586       18        4       0
                text26                             7118     7118       2A        4       0
                text25                             781E     781E        2        4       0
                text24                             773C     773C        A        4       0
                text23                             7732     7732        A        4       0
                text22                             7728     7728        A        4       0
                text21                             6B38     6B38       46        4       0
                text20                             77FA     77FA        4        4       0
                text19                             76FC     76FC        C        4       0
                text18                             76F0     76F0        C        4       0
                text17                             771E     771E        A        4       0
                text16                             76E4     76E4        C        4       0
                text15                             781C     781C        2        4       0
                text14                             781A     781A        2        4       0
                text13                             77C0     77C0        6        4       0
                text12                             77BA     77BA        6        4       0
                text11                             7714     7714        A        4       0
                text10                             76D8     76D8        C        4       0
                text9                              7354     7354       20        4       0
                text8                              76CC     76CC        C        4       0
                text7                              6B7E     6B7E       44        4       0
                text6                              76C0     76C0        C        4       0
                text5                              77F6     77F6        4        4       0
                text4                              6EB2     6EB2       38        4       0
                text3                              74E2     74E2       1C        4       0
                text2                              6AF2     6AF2       46        4       0
                text1                              7334     7334       20        4       0
                text0                              551A     551A       BC        4       0
                cstackCOMRAM                          1        1       2F        1       1
                cstackBANK0                          60       60       98       60       1
                cstackBANK1                         100      100       6E      100       1
                cstackBANK3                         3A0      3A0       14      300       1
                bssBIGRAM                           4E0      4E0      21E      4E0       1
                bssBANK4                            400      400       E0      400       1
                bssBANK3                            300      300       A0      300       1
                bssBANK2                            200      200       F5      200       1
                dataBANK1                           1BD      1BD       30      100       1
                bssBANK1                            16E      16E       4F      100       1
                dataCOMRAM                           56       56        8        1       1
                bssCOMRAM                            30       30       1A        1       1
                cinit                              5B44     5B44       9A        4       0
                nvBANK1                             1ED      1ED        A      100       1
                nvCOMRAM                             5E       5E        2        1       1
                idataBANK1                         708E     708E       30        4       0
                idataCOMRAM                        7782     7782        8        4       0

TOTAL           Name                               Link     Load   Length     Space
        CLASS   STACK          
                stack                               6FE      6FE      743         2

        CLASS   CODE           
                end_init                             90       90        4         0
                init                                 8C       8C        4         0
                intcode                               8        8       84         0
                reset_vec                             0        0        4         0
                text218                            782A     782A        2         0
                text217                            7816     7816        4         0
                text216                            74C4     74C4       1E         0
                text215                            77F0     77F0        6         0
                text214                            7828     7828        2         0
                text213                            7812     7812        4         0
                text212                            74A6     74A6       1E         0
                text211                            77EA     77EA        6         0
                text210                            7826     7826        2         0
                text209                            7488     7488       1E         0
                text208                            77E4     77E4        6         0
                text207                            7824     7824        2         0
                text206                            780E     780E        4         0
                text205                            746A     746A       1E         0
                text204                            7708     7708        C         0
                text203                            73B4     73B4       20         0
                text202                            4E76     4E76       EC         0
                text201                            4C9C     4C9C       EE         0
                text200                            7536     7536       1C         0
                text199                            6DC4     6DC4       3E         0
                text198                            69CA     69CA       4C         0
                text197                            7822     7822        2         0
                text196                            744C     744C       1E         0
                text195                            72AA     72AA       24         0
                text193                            6152     6152       70         0
                text192                            688E     688E       52         0
                text191                            6794     6794       56         0
                text190                            71C0     71C0       2A         0
                text189                            63D2     63D2       66         0
                text188                            636C     636C       66         0
                text187                            6C88     6C88       42         0
                text186                            7394     7394       20         0
                text185                            4D8A     4D8A       EC         0
                text184                            4BAA     4BAA       F2         0
                text183                            751A     751A       1C         0
                text182                            6D86     6D86       3E         0
                text181                            5FEE     5FEE       7C         0
                text180                            5C6A     5C6A       88         0
                text179                            74FE     74FE       1C         0
                text178                            606A     606A       76         0
                text177                            371C     371C      19C         0
                text176                            780A     780A        4         0
                text175                            7806     7806        4         0
                text174                            7652     7652       14         0
                text173                            7196     7196       2A         0
                text172                            6FC4     6FC4       34         0
                text171                            7802     7802        4         0
                text170                            77FE     77FE        4         0
                text169                            7678     7678       10         0
                text168                            7778     7778        A         0
                text167                            742E     742E       1E         0
                text166                            6562     6562       62         0
                text165                            5042     5042       DC         0
                text164                            77DE     77DE        6         0
                text163                            7260     7260       26         0
                text162                            511E     511E       D8         0
                text161                            705C     705C       32         0
                text160                            38B8     38B8      196         0
                text159                            776E     776E        A         0
                text158                            697C     697C       4E         0
                text157                            568C     568C       B4         0
                text156                            3ECC     3ECC      15E         0
                text155                            5E78     5E78       7E         0
                text154                            55D6     55D6       B6         0
                text153                            76B2     76B2        E         0
                text152                            6682     6682       5E         0
                text151                            29C6     29C6      23C         0
                text150                            3D6A     3D6A      162         0
                text149                            2136     2136      2F2         0
                text148                            7212     7212       28         0
                text147                            6A60     6A60       4A         0
                text146                            48B6     48B6      102         0
                text145                            182A     182A      31C         0
                text144                            683C     683C       52         0
                text143                            6D48     6D48       3E         0
                text142                            5CF2     5CF2       86         0
                text141                            692E     692E       4E         0
                text140                            7312     7312       22         0
                text139                            4684     4684      12C         0
                text138                            6500     6500       62         0
                text137                            649C     649C       64         0
                text136                            52C6     52C6       CE         0
                text135                            13B2     13B2      478         0
                text134                            2FF2     2FF2      1EE         0
                text133                            77B2     77B2        8         0
                text132                            5D78     5D78       82         0
                text131                            70EC     70EC       2C         0
                text130                            7764     7764        A         0
                text129                            77AA     77AA        8         0
                text128                            77A2     77A2        8         0
                text127                            5F72     5F72       7C         0
                text126                            775A     775A        A         0
                text125                            7750     7750        A         0
                text124                            779A     779A        8         0
                text123                            6C46     6C46       42         0
                text122                            4F62     4F62       E0         0
                text121                            65C4     65C4       60         0
                text120                            756C     756C       1A         0
                text119                            5BDE     5BDE       8C         0
                text118                            76A4     76A4        E         0
                text117                            723A     723A       26         0
                text116                            2C02     2C02      200         0
                text115                            7410     7410       1E         0
                text114                            77D8     77D8        6         0
                text113                            7696     7696        E         0
                text112                            7688     7688        E         0
                text111                            7820     7820        2         0
                text110                            6302     6302       6A         0
                text109                            77D2     77D2        6         0
                text108                            7374     7374       20         0
                text107                            6D0A     6D0A       3E         0
                text106                             B32      B32      880         0
                text105                            3A4E     3A4E      192         0
                text104                            6624     6624       5E         0
                text103                            60E0     60E0       72         0
                text102                            5EF6     5EF6       7C         0
                text101                            5DFA     5DFA       7E         0
                text100                            6C04     6C04       42         0
                text99                             58A2     58A2       B0         0
                text98                             5740     5740       B2         0
                text97                             4182     4182      154         0
                text96                             5A00     5A00       A6         0
                text95                             77CC     77CC        6         0
                text94                             1E44     1E44      2F2         0
                text93                             1B46     1B46      2FE         0
                text92                             6CCA     6CCA       40         0
                text91                             545C     545C       BE         0
                text90                             7746     7746        A         0
                text89                             68E0     68E0       4E         0
                text88                             47B0     47B0      106         0
                text87                             673C     673C       58         0
                text86                             7614     7614       16         0
                text85                             7792     7792        8         0
                text84                             778A     778A        8         0
                text83                             6F22     6F22       38         0
                text82                             75E6     75E6       18         0
                text81                             763E     763E       14         0
                text80                             72F0     72F0       22         0
                text79                             356A     356A      1B2         0
                text78                             702A     702A       32         0
                text77                             73F2     73F2       1E         0
                text76                             6EEA     6EEA       38         0
                text75                             4AB4     4AB4       F6         0
                text74                             6FF8     6FF8       32         0
                text73                             6E78     6E78       3A         0
                text72                             6F90     6F90       34         0
                text71                             66E0     66E0       5C         0
                text70                             33A8     33A8      1C2         0
                text69                             75FE     75FE       16         0
                text68                             762A     762A       14         0
                text67                             42D6     42D6      148         0
                text66                             6A16     6A16       4A         0
                text65                             7286     7286       24         0
                text64                             2E02     2E02      1F0         0
                text63                             77C6     77C6        6         0
                text62                             716C     716C       2A         0
                text61                             6298     6298       6A         0
                text60                             441E     441E      134         0
                text59                             31E0     31E0      1C8         0
                text58                             7552     7552       1A         0
                text57                             622E     622E       6A         0
                text56                               94       94      A9E         0
                text55                             2710     2710      2B6         0
                text54                             5AA6     5AA6       9E         0
                text53                             67EA     67EA       52         0
                text52                             51F6     51F6       D0         0
                text51                             3BE0     3BE0      18A         0
                text50                             72CE     72CE       22         0
                text49                             6438     6438       64         0
                text48                             70BE     70BE       2E         0
                text47                             71EA     71EA       28         0
                text46                             6E3E     6E3E       3A         0
                text45                             6AAA     6AAA       48         0
                text44                             75CE     75CE       18         0
                text43                             75B6     75B6       18         0
                text42                             759E     759E       18         0
                text41                             7666     7666       12         0
                text40                             61C2     61C2       6C         0
                text39                             6F5A     6F5A       36         0
                text38                             6BC2     6BC2       42         0
                text37                             5394     5394       C8         0
                text36                             5952     5952       AE         0
                text35                             402A     402A      158         0
                text34                             49B8     49B8       FC         0
                text33                             73D4     73D4       1E         0
                text32                             4552     4552      132         0
                text31                             2428     2428      2E8         0
                text30                             57F2     57F2       B0         0
                text29                             6E02     6E02       3C         0
                text28                             7142     7142       2A         0
                text27                             7586     7586       18         0
                text26                             7118     7118       2A         0
                text25                             781E     781E        2         0
                text24                             773C     773C        A         0
                text23                             7732     7732        A         0
                text22                             7728     7728        A         0
                text21                             6B38     6B38       46         0
                text20                             77FA     77FA        4         0
                text19                             76FC     76FC        C         0
                text18                             76F0     76F0        C         0
                text17                             771E     771E        A         0
                text16                             76E4     76E4        C         0
                text15                             781C     781C        2         0
                text14                             781A     781A        2         0
                text13                             77C0     77C0        6         0
                text12                             77BA     77BA        6         0
                text11                             7714     7714        A         0
                text10                             76D8     76D8        C         0
                text9                              7354     7354       20         0
                text8                              76CC     76CC        C         0
                text7                              6B7E     6B7E       44         0
                text6                              76C0     76C0        C         0
                text5                              77F6     77F6        4         0
                text4                              6EB2     6EB2       38         0
                text3                              74E2     74E2       1C         0
                text2                              6AF2     6AF2       46         0
                text1                              7334     7334       20         0
                text0                              551A     551A       BC         0
                cinit                              5B44     5B44       9A         0
                idataBANK1                         708E     708E       30         0
                idataCOMRAM                        7782     7782        8         0

        CLASS   CONST          

        CLASS   SMALLCONST     

        CLASS   MEDIUMCONST    
                mediumconst                        7E6C     7E6C      194         0

        CLASS   COMRAM         
                temp                                 4A       4A        C         1
                cstackCOMRAM                          1        1       2F         1
                dataCOMRAM                           56       56        8         1
                bssCOMRAM                            30       30       1A         1
                nvCOMRAM                             5E       5E        2         1

        CLASS   ABS1           

        CLASS   BIGRAM         
                bssBIGRAM                           4E0      4E0      21E         1

        CLASS   RAM            

        CLASS   BANK0          
                cstackBANK0                          60       60       98         1

        CLASS   BANK1          
                cstackBANK1                         100      100       6E         1
                dataBANK1                           1BD      1BD       30         1
                bssBANK1                            16E      16E       4F         1
                nvBANK1                             1ED      1ED        A         1

        CLASS   BANK2          
                bssBANK2                            200      200       F5         1

        CLASS   BANK3          
                cstackBANK3                         3A0      3A0       14         1
                bssBANK3                            300      300       A0         1

        CLASS   BANK4          
                bssBANK4                            400      400       E0         1

        CLASS   BANK5          

        CLASS   BANK6          

        CLASS   BANK7          

        CLASS   BANK8          

        CLASS   BANK9          

        CLASS   BANK10         

        CLASS   BANK11         

        CLASS   BANK12         

        CLASS   BANK13         

        CLASS   BANK14         

        CLASS   SFR            

        CLASS   FARRAM         

        CLASS   CONFIG         
                config                           300000   300000        E         0

        CLASS   IDLOC          
                idloc                            200000   200000        8         0

        CLASS   EEDATA         



SEGMENTS        Name                           Load    Length   Top    Selector   Space  Class

                reset_vec                      000000  000004  000004         0       0  CODE    
                cstackCOMRAM                   000001  00005F  000060         1       1  COMRAM  
                intcode                        000008  007824  00782C         4       0  CODE    
                cstackBANK0                    000060  000098  0000F8        60       1  BANK0   
                cstackBANK1                    000100  0000F7  0001F7       100       1  BANK1   
                bssBANK2                       000200  0000F5  0002F5       200       1  BANK2   
                bssBANK3                       000300  0000B4  0003B4       300       1  BANK3   
                bssBANK4                       000400  0000E0  0004E0       400       1  BANK4   
                bssBIGRAM                      0004E0  00021E  0006FE       4E0       1  BIGRAM  
                stack                          0006FE  000743  000E41       6FE       2  STACK   
                mediumconst                    007E6C  000194  008000      3F36       0  MEDIUMCO
                idloc                          200000  000008  200008    200000       0  IDLOC   
                config                         300000  00000E  30000E    300000       0  CONFIG  


UNUSED ADDRESS RANGES

        Name                Unused          Largest block    Delta
        BANK0            0000F8-0000FF                8
        BANK1            0001F7-0001FF                9
        BANK10           000A00-000AFF              100
        BANK11           000B00-000BFF              100
        BANK12           000C00-000CFF              100
        BANK13           000D00-000DFF              100
        BANK14           000E00-000E40               41
        BANK2            0002F5-0002FF                B
        BANK3            0003B4-0003FF               4C
        BANK6            0006FE-0006FF                2
        BANK7            000700-0007FF              100
        BANK8            000800-0008FF              100
        BANK9            000900-0009FF              100
        BIGRAM           0000F8-0000FF                8
                         0001F7-0001FF                9
                         0002F5-0002FF                B
                         0003B4-0003FF               4C
                         0006FE-000E40              743
        CODE             000004-000007                4
                         00782C-007E6B              640
        CONST            000004-000007                4
                         00782C-007E6B              640
        EEDATA           F00000-F003FF              400
        MEDIUMCONST      00782C-007E6B              640
        RAM              0000F8-0000FF                8
                         0001F7-0001FF                9
                         0002F5-0002FF                B
                         0003B4-0003FF               4C
                         0006FE-000E40              100
        SFR              000E41-000FFF               BF
        SMALLCONST       00782C-007E6B              100

                                  Symbol Table

?_ComputeMic                                              cstackBANK0  0000DA
?_ExecuteDevStatus                                        cstackBANK0  000064
?_ExecuteDutyCycle                                        cstackBANK0  000064
?_ExecuteLinkAdr                                          cstackBANK0  000071
?_ExecuteLinkCheck                                        cstackBANK0  000064
?_ExecuteNewChannel                                       cstackBANK0  000070
?_ExecuteRxParamSetupReq                                  cstackBANK0  000070
?_ExecuteRxTimingSetup                                    cstackBANK0  000069
?_ExtractMic                                              cstackBANK0  00006E
?_GetRx1Freq                                              cstackBANK0  000064
?_MacExecuteCommands                                      cstackBANK0  00007A
?_RADIO_ReadRandom                                        cstackBANK0  000070
?_RADIO_ReceiveStart                                      cstackBANK0  000094
?_RADIO_Transmit                                          cstackBANK0  000094
?_Random                                                  cstackBANK0  000077
?_SwTimerReadValue                                        cstackBANK0  00008B
?_SwTimersInterrupt                                       cstackBANK0  00007A
?_TMR1_ReadTimer                                          cstackBANK0  000064
?_TMR_GetDeltaTime                                        cstackBANK0  00006A
?_TMR_SwapTimer                                           cstackBANK0  00006A
?___lldiv                                                 cstackBANK0  000064
?___llmod                                                 cstackBANK0  000064
?___lmul                                                  cstackBANK0  000064
?___lwmod                                                 cstackBANK0  000072
?_rand                                                    cstackBANK0  000070
?i2_SwTimersInterrupt                                     cstackCOMRAM 000017
?i2_TMR1_ReadTimer                                        cstackCOMRAM 000001
?i2_TMR_GetDeltaTime                                      cstackCOMRAM 000007
?i2_TMR_SwapTimer                                         cstackCOMRAM 000007
AESCmac@flag                                              cstackBANK1  000162
AESCmac@i                                                 cstackBANK1  000165
AESCmac@input                                             cstackBANK0  0000D0
AESCmac@j                                                 cstackBANK1  000164
AESCmac@k1                                                cstackBANK1  000110
AESCmac@k2                                                cstackBANK1  000100
AESCmac@key                                               cstackBANK0  0000CC
AESCmac@mLast                                             cstackBANK1  000120
AESCmac@n                                                 cstackBANK1  000163
AESCmac@output                                            cstackBANK0  0000CE
AESCmac@padded                                            cstackBANK1  000130
AESCmac@ptr                                               cstackBANK1  000160
AESCmac@size                                              cstackBANK0  0000D2
AESCmac@x                                                 cstackBANK1  000150
AESCmac@y                                                 cstackBANK1  000140
AESEncode@aux                                             cstackBANK0  00008B
AESEncode@aux1                                            cstackBANK0  00008D
AESEncode@aux2                                            cstackBANK0  00008C
AESEncode@aux3                                            cstackBANK0  00008E
AESEncode@block                                           cstackBANK0  00006A
AESEncode@i                                               cstackBANK0  00008F
AESEncode@key                                             cstackBANK0  000075
AESEncode@masterKey                                       cstackBANK0  00006C
AESEncodeLoRa@block                                       cstackBANK0  000090
AESEncodeLoRa@key                                         cstackBANK0  000092
AESEncodeLoRa@useKey                                      cstackBANK0  000094
AssembleEncryptionBlock@blockId                           cstackBANK0  000072
AssembleEncryptionBlock@bufferIndex                       cstackBANK0  000076
AssembleEncryptionBlock@dir                               cstackBANK0  000075
AssembleEncryptionBlock@firstByte                         cstackBANK0  000073
AssembleEncryptionBlock@frameCounter                      cstackBANK0  00006E
AssembleEncryptionBlock@multicastStatus                   cstackBANK0  000074
AssemblePacket@buffer                                     cstackBANK1  000167
AssemblePacket@bufferIndex                                cstackBANK0  0000E0
AssemblePacket@bufferLength                               cstackBANK1  000169
AssemblePacket@confirmed                                  cstackBANK0  0000DC
AssemblePacket@fCtrl                                      cstackBANK0  0000DE
AssemblePacket@macCmdIdx                                  cstackBANK0  0000DF
AssemblePacket@mhdr                                       cstackBANK0  0000DD
AssemblePacket@port                                       cstackBANK1  000166
CheckFlags@hdr                                            cstackBANK0  000064
CheckMcastFlags@hdr                                       cstackBANK0  000064
ComputeMic@buffer                                         cstackBANK0  0000DC
ComputeMic@bufferLength                                   cstackBANK0  0000DE
ComputeMic@key                                            cstackBANK0  0000DA
ComputeMic@mic                                            cstackBANK0  0000DF
ComputeSessionKeys@joinAcceptBuffer                       cstackBANK0  0000A4
ConfigureRadio@dataRate                                   cstackBANK0  000075
ConfigureRadio@freq                                       cstackBANK0  000071
ConfigureRadioRx@dataRate                                 cstackBANK0  00007A
ConfigureRadioRx@freq                                     cstackBANK0  000076
ConfigureRadioTx@dataRate                                 cstackBANK0  00007A
ConfigureRadioTx@freq                                     cstackBANK0  000076
ConfigureRadioTx@txPower                                  cstackBANK0  00007B
CountfOptsLength@i                                        cstackBANK0  00006B
CountfOptsLength@macCommandLength                         cstackBANK0  00006A
EnableChannels1@channelIndexMax                           cstackBANK0  00006C
EnableChannels1@channelIndexMin                           cstackBANK0  00006B
EnableChannels1@channelMask                               cstackBANK0  000068
EnableChannels1@channelMaskCntl                           cstackBANK0  00006A
EnableChannels1@i                                         cstackBANK0  00006D
EnableChannels@channelMask                                cstackBANK0  00006E
EnableChannels@channelMaskCntl                            cstackBANK0  000070
EncKeySchedule@key                                        cstackBANK0  000064
EncodeShiftRow@stateTable                                 cstackBANK0  000064
EncodeShiftRow@temp                                       cstackBANK0  000066
EncryptFRMPayload@buffer                                  cstackBANK0  0000A4
EncryptFRMPayload@bufferLength                            cstackBANK0  0000A6
EncryptFRMPayload@bufferToBeEncrypted                     cstackBANK0  0000AF
EncryptFRMPayload@dir                                     cstackBANK0  0000A7
EncryptFRMPayload@frameCounter                            cstackBANK0  0000A8
EncryptFRMPayload@i                                       cstackBANK0  0000B8
EncryptFRMPayload@j                                       cstackBANK0  0000B9
EncryptFRMPayload@k                                       cstackBANK0  0000B7
EncryptFRMPayload@key                                     cstackBANK0  0000AC
EncryptFRMPayload@macBufferIndex                          cstackBANK0  0000AE
EncryptFRMPayload@multicastStatus                         cstackBANK0  0000B1
ExecuteDevStatus@ptr                                      cstackBANK0  000064
ExecuteDutyCycle@maxDCycle                                cstackBANK0  000069
ExecuteDutyCycle@ptr                                      cstackBANK0  000064
ExecuteLinkAdr@channelMask                                cstackBANK0  000074
ExecuteLinkAdr@dataRate                                   cstackBANK0  000079
ExecuteLinkAdr@ptr                                        cstackBANK0  000071
ExecuteLinkAdr@redundancy                                 cstackBANK0  000077
ExecuteLinkAdr@txPower                                    cstackBANK0  000076
ExecuteLinkCheck@ptr                                      cstackBANK0  000064
ExecuteNewChannel@channelIndex                            cstackBANK0  000077
ExecuteNewChannel@drRange                                 cstackBANK0  000072
ExecuteNewChannel@frequency                               cstackBANK0  000073
ExecuteNewChannel@ptr                                     cstackBANK0  000070
ExecuteRxParamSetupReq@dlSettings                         cstackBANK0  000076
ExecuteRxParamSetupReq@frequency                          cstackBANK0  000072
ExecuteRxParamSetupReq@ptr                                cstackBANK0  000070
ExecuteRxTimingSetup@delay                                cstackBANK0  00006B
ExecuteRxTimingSetup@ptr                                  cstackBANK0  000069
ExtractMic@buffer                                         cstackBANK0  00006E
ExtractMic@bufferLength                                   cstackBANK0  000070
ExtractMic@mic                                            cstackBANK0  000074
FillSubKey@carry                                          cstackBANK0  00006A
FillSubKey@i                                              cstackBANK0  00006B
FillSubKey@key                                            cstackBANK0  000066
FillSubKey@size                                           cstackBANK0  000068
FillSubKey@source                                         cstackBANK0  000064
FindSmallestDataRate@dataRate                             cstackBANK0  000067
FindSmallestDataRate@found                                cstackBANK0  000065
FindSmallestDataRate@i                                    cstackBANK0  000066
GenerateSubkey@F18817                                     dataBANK1    0001BD
GenerateSubkey@const_Rb                                   cstackBANK0  0000AB
GenerateSubkey@i                                          cstackBANK0  0000CB
GenerateSubkey@k1                                         cstackBANK0  0000A6
GenerateSubkey@k2                                         cstackBANK0  0000A8
GenerateSubkey@key                                        cstackBANK0  0000A4
GenerateSubkey@l                                          cstackBANK0  0000BB
HALResetPinOutputValue@value                              cstackBANK0  000064
HALSPISend@data                                           cstackBANK0  000065
INT0_SetInterruptHandler@InterruptHandler                 cstackBANK0  000064
INT1_SetInterruptHandler@InterruptHandler                 cstackBANK0  000064
INT2_SetInterruptHandler@InterruptHandler                 cstackBANK0  000064
INT3_SetInterruptHandler@InterruptHandler                 cstackBANK0  000064
INTERRUPT_GetDioStatus@a                                  cstackBANK0  000064
IOCB4_SetInterruptHandler@InterruptHandler                cstackBANK0  000064
IncludeMacCommandsResponse@bIncludeInFopts                cstackBANK0  000067
IncludeMacCommandsResponse@bufferIndex                    cstackBANK0  00006F
IncludeMacCommandsResponse@i                              cstackBANK0  00006E
IncludeMacCommandsResponse@macBuffer                      cstackBANK0  000064
IncludeMacCommandsResponse@pBufferIndex                   cstackBANK0  000066
InitDefault433Channels@i                                  cstackBANK0  00006E
InitDefault868Channels@i                                  cstackBANK0  00006E
LORAWAN_GetMaxPayloadSize@macCommandsLength               cstackBANK0  00006D
LORAWAN_GetMaxPayloadSize@result                          cstackBANK0  00006E
LORAWAN_Init@RxJoinResponse                               cstackBANK0  0000A6
LORAWAN_Init@RxPayload                                    cstackBANK0  0000A4
LORAWAN_Join@activationTypeNew                            cstackBANK0  0000EE
LORAWAN_Join@bufferIndex                                  cstackBANK0  0000EC
LORAWAN_Join@result                                       cstackBANK0  0000ED
LORAWAN_LinkCheckConfigure@iCtr                           cstackBANK0  0000A2
LORAWAN_LinkCheckConfigure@period                         cstackBANK0  000094
LORAWAN_Reset@ismBandNew                                  cstackBANK0  0000A3
LORAWAN_RxDone@buffer                                     cstackBANK1  00016B
LORAWAN_RxDone@bufferIndex                                cstackBANK3  0003A7
LORAWAN_RxDone@bufferLength                               cstackBANK1  00016D
LORAWAN_RxDone@channelIndex                               cstackBANK3  0003A1
LORAWAN_RxDone@computedMic                                cstackBANK3  0003AB
LORAWAN_RxDone@extractedMic                               cstackBANK3  0003A3
LORAWAN_RxDone@fPort                                      cstackBANK3  0003A0
LORAWAN_RxDone@frmPayloadLength                           cstackBANK3  0003B1
LORAWAN_RxDone@hdr                                        cstackBANK3  0003B2
LORAWAN_RxDone@joinAccept                                 cstackBANK3  0003AF
LORAWAN_RxDone@mhdr                                       cstackBANK3  0003A2
LORAWAN_RxDone@packet                                     cstackBANK3  0003A9
LORAWAN_RxDone@temp                                       cstackBANK3  0003A8
LORAWAN_RxTimeout@i                                       cstackBANK0  0000AD
LORAWAN_RxTimeout@minim                                   cstackBANK0  0000A9
LORAWAN_Send@buffer                                       cstackBANK0  0000E2
LORAWAN_Send@bufferLength                                 cstackBANK0  0000E4
LORAWAN_Send@confirmed                                    cstackBANK0  0000E7
LORAWAN_Send@port                                         cstackBANK0  0000E1
LORAWAN_Send@result                                       cstackBANK0  0000E6
LORAWAN_SetApplicationSessionKey@applicationSessionKeyNew cstackBANK0  00006E
LORAWAN_SetChannelIdStatus@channelId                      cstackBANK0  00006A
LORAWAN_SetChannelIdStatus@statusNew                      cstackBANK0  000068
LORAWAN_SetDeviceAddress@deviceAddressNew                 cstackBANK0  000064
LORAWAN_SetNetworkSessionKey@networkSessionKeyNew         cstackBANK0  00006E
LORAWAN_TxDone@delta                                      cstackBANK0  0000C3
LORAWAN_TxDone@found                                      cstackBANK0  0000C2
LORAWAN_TxDone@i                                          cstackBANK0  0000CF
LORAWAN_TxDone@minim                                      cstackBANK0  0000CB
LORAWAN_TxDone@ticks                                      cstackBANK0  0000C7
LORAWAN_TxDone@timeOnAir                                  cstackBANK0  00009E
MacExecuteCommands@buffer                                 cstackBANK0  00007A
MacExecuteCommands@done                                   cstackBANK0  00007F
MacExecuteCommands@fOptsLen                               cstackBANK0  00007C
MacExecuteCommands@ptr                                    cstackBANK0  000080
PrepareJoinRequestFrame@bufferIndex                       cstackBANK0  0000EA
PrepareJoinRequestFrame@iCtr                              cstackBANK0  0000EB
PrepareJoinRequestFrame@mhdr                              cstackBANK0  0000E9
PrepareJoinRequestFrame@mic                               cstackBANK0  0000E5
PrepareSessionKeys@appNonce                               cstackBANK0  000070
PrepareSessionKeys@index                                  cstackBANK0  000074
PrepareSessionKeys@networkId                              cstackBANK0  000072
PrepareSessionKeys@sessionKey                             cstackBANK0  00006E
RADIO_DIO0@dioMapping                                     cstackBANK0  0000F1
RADIO_DIO0@opMode                                         cstackBANK0  0000F2
RADIO_DIO1@dioMapping                                     cstackBANK0  0000AF
RADIO_DIO2@dioMapping                                     cstackBANK0  00007E
RADIO_FSKPacketSent@irqFlags                              cstackBANK0  0000DC
RADIO_FSKPacketSent@timeOnAir                             cstackBANK0  0000D4
RADIO_FSKPayloadReady@i                                   cstackBANK0  0000EE
RADIO_FSKPayloadReady@irqFlags                            cstackBANK0  0000ED
RADIO_Init@frequency                                      cstackBANK0  00007F
RADIO_Init@radioBuffer                                    cstackBANK0  00007D
RADIO_ReadRandom@i                                        cstackBANK0  000074
RADIO_ReadRandom@retVal                                   cstackBANK0  000072
RADIO_ReceiveStart@rxWindowSize                           cstackBANK0  000094
RADIO_RegisterRead@readValue                              cstackBANK0  000067
RADIO_RegisterRead@reg                                    cstackBANK0  000066
RADIO_RegisterWrite@reg                                   cstackBANK0  000067
RADIO_RegisterWrite@value                                 cstackBANK0  000066
RADIO_RxDone@i                                            cstackBANK0  0000EE
RADIO_RxDone@irqFlags                                     cstackBANK0  0000ED
RADIO_SetBandwidth@bandwidth                              cstackBANK0  000064
RADIO_SetCRC@crc                                          cstackBANK0  000064
RADIO_SetChannelFrequency@frequency                       cstackBANK0  000064
RADIO_SetFSKSyncWord@syncWord                             cstackBANK0  00006E
RADIO_SetFSKSyncWord@syncWordLen                          cstackBANK0  000070
RADIO_SetFrequencyHopPeriod@frequencyHopPeriod            cstackBANK0  000064
RADIO_SetIQInverted@iqInverted                            cstackBANK0  000064
RADIO_SetLoRaSyncWord@syncWord                            cstackBANK0  000064
RADIO_SetModulation@modulation                            cstackBANK0  000064
RADIO_SetOutputPower@power                                cstackBANK0  000064
RADIO_SetSpreadingFactor@spreadingFactor                  cstackBANK0  000064
RADIO_Transmit@buffer                                     cstackBANK0  000094
RADIO_Transmit@bufferLen                                  cstackBANK0  000096
RADIO_Transmit@i                                          cstackBANK0  0000A4
RADIO_Transmit@regValue                                   cstackBANK0  0000A3
RADIO_TxDone@timeOnAir                                    cstackBANK0  0000D4
RADIO_UnhandledInterrupt@modulation                       cstackBANK0  000068
RADIO_WriteConfiguration@i                                cstackBANK0  000081
RADIO_WriteConfiguration@regValue                         cstackBANK0  000086
RADIO_WriteConfiguration@symbolTimeout                    cstackBANK0  00007D
RADIO_WriteConfiguration@tempValue                        cstackBANK0  000082
RADIO_WriteFSKBitRate@bitRate                             cstackBANK0  000071
RADIO_WriteFSKBitRate@num                                 cstackBANK0  000075
RADIO_WriteFSKFrequencyDeviation@frequencyDeviation       cstackBANK0  000071
RADIO_WriteFSKFrequencyDeviation@num                      cstackBANK0  000075
RADIO_WriteFrequency@frequency                            cstackBANK0  000071
RADIO_WriteFrequency@num                                  cstackBANK0  000079
RADIO_WriteFrequency@num_mod                              cstackBANK0  000075
RADIO_WriteMode@blocking                                  cstackBANK0  00006A
RADIO_WriteMode@currentMode                               cstackBANK0  00006D
RADIO_WriteMode@currentModulation                         cstackBANK0  00006B
RADIO_WriteMode@dioMapping                                cstackBANK0  00006C
RADIO_WriteMode@newMode                                   cstackBANK0  00006E
RADIO_WriteMode@newModulation                             cstackBANK0  000069
RADIO_WriteMode@opMode                                    cstackBANK0  00006F
RADIO_WritePower@ocp                                      cstackBANK0  000068
RADIO_WritePower@paDac                                    cstackBANK0  000069
RADIO_WritePower@power                                    cstackBANK0  00006A
Random@max                                                cstackBANK0  000077
RxDataDone@dataLength                                     cstackBANK0  000066
RxDataDone@pData                                          cstackBANK0  000064
RxDataDone@status                                         cstackBANK0  000067
SPI_Exchange8bit@data                                     cstackBANK0  000064
SearchAvailableChannel@channelIndex                       cstackBANK0  00007A
SearchAvailableChannel@i                                  cstackBANK0  000084
SearchAvailableChannel@maxChannels                        cstackBANK0  000082
SearchAvailableChannel@randomNumber                       cstackBANK0  000083
SearchAvailableChannel@randomNumberCopy                   cstackBANK0  000080
SearchAvailableChannel@result                             cstackBANK0  000081
SearchAvailableChannel@transmissionType                   cstackBANK0  000079
SelectChannelForTransmission@channelIndex                 cstackBANK0  000087
SelectChannelForTransmission@result                       cstackBANK0  000086
SelectChannelForTransmission@transmissionType             cstackBANK0  000085
StartReTxTimer@i                                          cstackBANK0  00009C
StartReTxTimer@minim                                      cstackBANK0  000098
SwTimerCreate@retVal                                      cstackBANK0  000064
SwTimerIsRunning@isRunning                                cstackBANK0  000065
SwTimerIsRunning@timerId                                  cstackBANK0  000064
SwTimerReadValue@ticksCount                               cstackBANK0  00008F
SwTimerReadValue@timerId                                  cstackBANK0  000093
SwTimerSetCallback@callback                               cstackBANK0  000064
SwTimerSetCallback@callbackParameter                      cstackBANK0  000066
SwTimerSetCallback@timerId                                cstackBANK0  000067
SwTimerSetTimeout@timeout                                 cstackBANK0  000071
SwTimerSetTimeout@timerId                                 cstackBANK0  000079
SwTimerStart@ticksRemaining                               cstackBANK0  00008F
SwTimerStart@timerId                                      cstackBANK0  000093
SwTimerStop@timerId                                       cstackBANK0  000064
SwTimersExecute@i                                         cstackBANK0  0000EC
SwTimersInterrupt@i                                       cstackBANK0  00008A
SwTimersInterrupt@ticksToNextTimerEvent                   cstackBANK0  000086
SwTimersInterrupt@timeElapsed                             cstackBANK0  000082
SystemBlockingWaitMs@ms                                   cstackBANK0  000064
TMR1_ISR@CountCallBack                                    bssCOMRAM    00003C
TMR1_ReadTimer@readVal                                    cstackBANK0  000068
TMR1_SetInterruptHandler@InterruptHandler                 cstackBANK0  000064
TMR1_WriteTimer@timerVal                                  cstackBANK0  000064
TMR_GetDeltaTime@retVal                                   bssCOMRAM    000030
TMR_GetDeltaTime@tmrVal                                   bssCOMRAM    00003E
TMR_OverrideRemaining@oldReloadVal                        cstackBANK0  000074
TMR_OverrideRemaining@ticksRemaining                      cstackBANK0  00006C
TMR_OverrideRemaining@tmrVal                              cstackBANK0  000072
TMR_SwapTimer@oldVal                                      bssCOMRAM    000040
TMR_SwapTimer@retVal                                      bssCOMRAM    000042
TMR_SwapTimer@timerVal                                    cstackBANK0  00006A
UpdateCfList@bufferLength                                 cstackBANK0  000074
UpdateCfList@channelIndex                                 cstackBANK0  000079
UpdateCfList@frequency                                    cstackBANK0  000075
UpdateCfList@i                                            cstackBANK0  00007A
UpdateCfList@joinAccept                                   cstackBANK0  000070
UpdateChannelIdStatus@channelId                           cstackBANK0  000066
UpdateChannelIdStatus@i                                   cstackBANK0  000067
UpdateChannelIdStatus@statusNew                           cstackBANK0  000064
UpdateCurrentDataRate@valueNew                            cstackBANK0  000064
UpdateDLSettings@dlRx1DrOffset                            cstackBANK0  000064
UpdateDLSettings@dlRx2Dr                                  cstackBANK0  000065
UpdateDataRange@channelId                                 cstackBANK0  000066
UpdateDataRange@dataRangeNew                              cstackBANK0  000064
UpdateDataRange@i                                         cstackBANK0  000067
UpdateDutyCycle@channelId                                 cstackBANK0  000066
UpdateDutyCycle@dutyCycleNew                              cstackBANK0  000064
UpdateFrequency@channelId                                 cstackBANK0  000068
UpdateFrequency@frequencyNew                              cstackBANK0  000064
UpdateJoinInProgress@state                                cstackBANK0  000064
UpdateMinMaxChDataRate@i                                  cstackBANK0  000065
UpdateReceiveDelays@delay                                 cstackBANK0  000068
UpdateReceiveWindow2Parameters@dataRate                   cstackBANK0  000068
UpdateReceiveWindow2Parameters@frequency                  cstackBANK0  000064
UpdateTxPower@txPowerNew                                  cstackBANK0  000064
ValidateChannelId@allowedForDefaultChannels               cstackBANK0  000064
ValidateChannelId@channelId                               cstackBANK0  000066
ValidateChannelId@result                                  cstackBANK0  000065
ValidateChannelMask@channelMask                           cstackBANK0  000064
ValidateChannelMask@i                                     cstackBANK0  000066
ValidateChannelMaskCntl@channelMaskCntl                   cstackBANK0  000065
ValidateChannelMaskCntl@result                            cstackBANK0  000064
ValidateDataRange@dataRangeNew                            cstackBANK0  000067
ValidateDataRange@dataRateMax                             cstackBANK0  000068
ValidateDataRange@dataRateMin                             cstackBANK0  000069
ValidateDataRange@result                                  cstackBANK0  000066
ValidateDataRate@dataRate                                 cstackBANK0  000064
ValidateDataRate@result                                   cstackBANK0  000065
ValidateFrequency@frequencyNew                            cstackBANK0  000064
ValidateFrequency@result                                  cstackBANK0  000068
ValidateRxOffset@result                                   cstackBANK0  000065
ValidateRxOffset@rxOffset                                 cstackBANK0  000064
ValidateTxPower@result                                    cstackBANK0  000064
ValidateTxPower@txPowerNew                                cstackBANK0  000065
_AESCmac                                                  text145      00182A
_AESEncode                                                text149      002136
_AESEncode$3598                                           cstackBANK0  000085
_AESEncode$3599                                           cstackBANK0  000087
_AESEncode$3600                                           cstackBANK0  000089
_AESEncodeLoRa                                            text148      007212
_ANCON0                                                   (abs)        000F5D
_ANCON1                                                   (abs)        000F5C
_AckRetransmissionCallback                                text34       0049B8
_AssembleEncryptionBlock                                  text98       005740
_AssemblePacket                                           text93       001B46
_AutomaticReplyCallback                                   text33       0073D4
_Channels                                                 bssBANK4     000400
_CheckFlags                                               text104      006624
_CheckMcastFlags                                          text103      0060E0
_ComputeMic                                               text144      00683C
_ComputeSessionKeys                                       text101      005DFA
_ConfigureRadio                                           text127      005F72
_ConfigureRadioRx                                         text117      00723A
_ConfigureRadioTx                                         text123      006C46
_CountfOptsLength                                         text99       0058A2
_CreateAllSoftwareTimers                                  text192      00688E
_DIO0_ISR_Lora                                            text217      007816
_DIO0_ISR_Lora_Init                                       text19       0076FC
_DIO1_ISR_Lora                                            text213      007812
_DIO1_ISR_Lora_Init                                       text18       0076F0
_DIO2_ISR_Lora                                            text206      00780E
_DIO2_ISR_Lora_Init                                       text16       0076E4
_DIO3_ISR_Lora_Init                                       text15       00781C
_DIO4_ISR_Lora_Init                                       text14       00781A
_DIO5_ISR_Lora                                            (abs)        000000
_DIO5_ISR_Lora_Init                                       text13       0077C0
_DefaultChannels433                                       mediumconst  007FA8
_DefaultChannels868                                       mediumconst  007FD2
_DutyCycleCallback                                        text31       002428
_EXT_INT_Initialize                                       text21       006B38
_EnableChannels                                           text86       007614
_EnableChannels1                                          text87       00673C
_EncKeySchedule                                           text151      0029C6
_EncKeySchedule$3584                                      cstackBANK0  000068
_EncodeShiftRow                                           text150      003D6A
[...]
      Temps:          0       0       0       0       0       0       0       0       0       0       0       0       0       0       0       0
      Totals:         0       0       0       0       0       0       0       0       0       0       0       0       0       0       0       0
Total ram usage:        0 bytes
 Hardware stack levels used:    1
 Hardware stack levels required when called:    2
 This function calls:
		_INT1_CallBack
 This function is called by:
		_INTERRUPT_InterruptManager
 This function uses a non-reentrant model


 *************** function _INT1_CallBack *****************
 Defined at:
		line 61 in file "mcc_generated_files/ext_int.c"
 Parameters:    Size  Location     Type
		None
 Auto vars:     Size  Location     Type
		None
 Return value:  Size  Location     Type
                  1    wreg      void 
 Registers used:
		wreg, status,2, status,0, pclat, tosl, cstack
 Tracked objects:
		On entry : 
		On exit  : 
		Unchanged: 
 Data sizes:     COMRAM   BANK0   BANK1   BANK2   BANK3   BANK4   BANK5   BANK6   BANK7   BANK8   BANK9  BANK10  BANK11  BANK12  BANK13  BANK14
      Params:         0       0       0       0       0       0       0       0       0       0       0       0       0       0       0       0
      Locals:         0       0       0       0       0       0       0       0       0       0       0       0       0       0       0       0
      Temps:          0       0       0       0       0       0       0       0       0       0       0       0       0       0       0       0
      Totals:         0       0       0       0       0       0       0       0       0       0       0       0       0       0       0       0
Total ram usage:        0 bytes
 Hardware stack levels used:    1
 Hardware stack levels required when called:    1
 This function calls:
		Absolute function
		_DIO0_ISR_Lora
		_INT1_DefaultInterruptHandler
 This function is called by:
		_INT1_ISR
 This function uses a non-reentrant model


 *************** function _DIO0_ISR_Lora *****************
 Defined at:
		line 63 in file "mcc_generated_files/LoRaWAN/interrupt_manager_lora_addons.c"
 Parameters:    Size  Location     Type
		None
 Auto vars:     Size  Location     Type
		None
 Return value:  Size  Location     Type
                  1    wreg      void 
 Registers used:
		status,2, status,0
 Tracked objects:
		On entry : 
		On exit  : 
		Unchanged: 
 Data sizes:     COMRAM   BANK0   BANK1   BANK2   BANK3   BANK4   BANK5   BANK6   BANK7   BANK8   BANK9  BANK10  BANK11  BANK12  BANK13  BANK14
      Params:         0       0       0       0       0       0       0       0       0       0       0       0       0       0       0       0
      Locals:         0       0       0       0       0       0       0       0       0       0       0       0       0       0       0       0
      Temps:          0       0       0       0       0       0       0       0       0       0       0       0       0       0       0       0
      Totals:         0       0       0       0       0       0       0       0       0       0       0       0       0       0       0       0
Total ram usage:        0 bytes
 Hardware stack levels used:    1
 This function calls:
		Nothing
 This function is called by:
		_DIO0_ISR_Lora_Init
		_INT1_CallBack
 This function uses a non-reentrant model


 *************** function _INT1_DefaultInterruptHandler *****************
 Defined at:
		line 80 in file "mcc_generated_files/ext_int.c"
 Parameters:    Size  Location     Type
		None
 Auto vars:     Size  Location     Type
		None
 Return value:  Size  Location     Type
                  1    wreg      void 
 Registers used:
		None
 Tracked objects:
		On entry : 
		On exit  : 
		Unchanged: 
 Data sizes:     COMRAM   BANK0   BANK1   BANK2   BANK3   BANK4   BANK5   BANK6   BANK7   BANK8   BANK9  BANK10  BANK11  BANK12  BANK13  BANK14
      Params:         0       0       0       0       0       0       0       0       0       0       0       0       0       0       0       0
      Locals:         0       0       0       0       0       0       0       0       0       0       0       0       0       0       0       0
      Temps:          0       0       0       0       0       0       0       0       0       0       0       0       0       0       0       0
      Totals:         0       0       0       0       0       0       0       0       0       0       0       0       0       0       0       0
Total ram usage:        0 bytes
 Hardware stack levels used:    1
 This function calls:
		Nothing
 This function is called by:
		_EXT_INT_Initialize
		_INT1_CallBack
 This function uses a non-reentrant model



MODULE INFORMATION

Module		Function		Class		Link	Load	Size
mcc_generated_files/LoRaWAN/lorawan.c
		_UpdateReceiveWindow2Parameters		CODE           	75FE	0000	23
		_ExecuteRxTimingSetup		CODE           	7286	0000	37
		_ComputeMic    		CODE           	683C	0000	83
		_SetReceptionNotOkState		CODE           	6298	0000	107
		_PrepareJoinRequestFrame		CODE           	4684	0000	301
		_LORAWAN_ReceiveWindow2Callback		CODE           	5394	0000	201
		_LORAWAN_LinkCheckConfigure		CODE           	371C	0000	413
		_LORAWAN_SetApplicationSessionKey		CODE           	7142	0000	43
		_CountfOptsLength		CODE           	58A2	0000	177
		_AssembleEncryptionBlock		CODE           	5740	0000	179
		_UpdateCurrentDataRate		CODE           	7792	0000	9
		_UnconfirmedTransmissionCallback		CODE           	61C2	0000	109
		_LORAWAN_SetNetworkSessionKey		CODE           	7118	0000	43
		_MacExecuteCommands		CODE           	2E02	0000	497
		_IncludeMacCommandsResponse		CODE           	1E44	0000	755
		_LORAWAN_GetMaxPayloadSize		CODE           	6CCA	0000	65
		_CheckMcastFlags		CODE           	60E0	0000	115
		_SetJoinFailState		CODE           	716C	0000	43
		_AckRetransmissionCallback		CODE           	49B8	0000	253
		_PrepareSessionKeys		CODE           	5EF6	0000	125
		_UpdateMinMaxChDataRate		CODE           	568C	0000	181
		_EncryptFRMPayload		CODE           	4182	0000	341
		_ResetParametersForUnconfirmedTransmission		CODE           	7688	0000	15
		_AutomaticReplyCallback		CODE           	73D4	0000	31
		_ResetParametersForConfirmedTransmission		CODE           	7696	0000	15
		_FindSmallestDataRate		CODE           	5A00	0000	167
		_LORAWAN_SetDeviceAddress		CODE           	7586	0000	25
		_UpdateTxPower 		CODE           	778A	0000	9
		_CheckFlags    		CODE           	6624	0000	95
		_ExtractMic    		CODE           	6C04	0000	67
		_LORAWAN_ReceiveWindow1Callback		CODE           	5952	0000	175
		_LORAWAN_Send  		CODE           	545C	0000	191
		_LORAWAN_Join  		CODE           	5BDE	0000	141
		_ConfigureRadioRx		CODE           	723A	0000	39
		_UpdateReceiveDelays		CODE           	6A16	0000	75
		_ComputeSessionKeys		CODE           	5DFA	0000	127
		_LORAWAN_LinkCheckCallback		CODE           	402A	0000	345
		_UpdateJoinSuccessState		CODE           	4552	0000	307
		_LORAWAN_EnterContinuousReceive		CODE           	6302	0000	107
		_ExecuteLinkCheck		CODE           	702A	0000	51
		_LORAWAN_Mainloop		CODE           	6E02	0000	61
		_AssemblePacket		CODE           	1B46	0000	767
		_UpdateRetransmissionAckTimeoutState		CODE           	622E	0000	107
		_Random        		CODE           	7312	0000	35
		_LORAWAN_RxDone		CODE           	0094	0000	2719
		_UpdateJoinInProgress		CODE           	756C	0000	27

mcc_generated_files/LoRaWAN/lorawan.c estimated size: 9798

mcc_generated_files/LoRaWAN/interrupt_manager_lora_addons.c
		_INTERRUPT_GetDioStatus		CODE           	76A4	0000	15
		_DIO0_ISR_Lora 		CODE           	7816	0000	5
		_DIO1_ISR_Lora 		CODE           	7812	0000	5
		_DIO2_ISR_Lora 		CODE           	780E	0000	5

mcc_generated_files/LoRaWAN/interrupt_manager_lora_addons.c estimated size: 30

mcc_generated_files/LoRaWAN/lorawan_aes.c
		_AESEncodeLoRa 		CODE           	7212	0000	41

mcc_generated_files/LoRaWAN/lorawan_aes.c estimated size: 41

C:\Program Files (x86)\Microchip\xc8\v1.38\sources\common\lwmod.c
		___lwmod       		CODE           	6D48	0000	63

C:\Program Files (x86)\Microchip\xc8\v1.38\sources\common\lwmod.c estimated size: 63

C:\Program Files (x86)\Microchip\xc8\v1.38\sources\common\memcpy.c
		_memcpy        		CODE           	6794	0000	87

C:\Program Files (x86)\Microchip\xc8\v1.38\sources\common\memcpy.c estimated size: 87

C:\Program Files (x86)\Microchip\xc8\v1.38\sources\common\rand.c
		_srand         		CODE           	76B2	0000	15
		_rand          		CODE           	692E	0000	79

C:\Program Files (x86)\Microchip\xc8\v1.38\sources\common\rand.c estimated size: 94

C:\Program Files (x86)\Microchip\xc8\v1.38\sources\common\llmod.c
		___llmod       		CODE           	6562	0000	99

C:\Program Files (x86)\Microchip\xc8\v1.38\sources\common\llmod.c estimated size: 99

mcc_generated_files/LoRaWAN/sw_timer.c
		_SwTimerStop   		CODE           	74FE	0000	29
		_SwTimerStart  		CODE           	5C6A	0000	137
		_TMR_GetDeltaTime		CODE           	4D8A	0000	237
		_SwTimerReadValue		CODE           	6D0A	0000	63
		_SwTimerIsRunning		CODE           	7374	0000	33
		_SwTimerCreate 		CODE           	6152	0000	113
		_TMR_OverrideRemaining		CODE           	5FEE	0000	125
		_TMR_SwapTimer 		CODE           	6D86	0000	63
		_SwTimerSetCallback		CODE           	705C	0000	51
		_SwTimerSetTimeout		CODE           	6C88	0000	67
		_SwTimersInterrupt		CODE           	4BAA	0000	243
		_SystemBlockingWaitMs		CODE           	7196	0000	43
		_SwTimersExecute		CODE           	57F2	0000	177
		_SystemTimerInit		CODE           	77BA	0000	7

mcc_generated_files/LoRaWAN/sw_timer.c estimated size: 1388

mcc_generated_files/interrupt_manager.c
		_INTERRUPT_Initialize		CODE           	77FA	0000	5
		_INTERRUPT_InterruptManager		CODE           	0008	0000	133

mcc_generated_files/interrupt_manager.c estimated size: 138

mcc_generated_files/pin_manager.c
		_IOCB4_DefaultInterruptHandler		CODE           	7824	0000	3
		_PIN_MANAGER_Initialize		CODE           	6B7E	0000	69
		_PIN_MANAGER_IOC		CODE           	7708	0000	13
		_IOCB4_SetInterruptHandler		CODE           	771E	0000	11
		_IOCB4_ISR     		CODE           	746A	0000	31

mcc_generated_files/pin_manager.c estimated size: 127

mcc_generated_files/LoRaWAN/lorawan_init.c
		_DIO0_ISR_Lora_Init		CODE           	76FC	0000	13
		_DIO1_ISR_Lora_Init		CODE           	76F0	0000	13
		_DIO2_ISR_Lora_Init		CODE           	76E4	0000	13
		_DIO3_ISR_Lora_Init		CODE           	781C	0000	3
		_DIO4_ISR_Lora_Init		CODE           	781A	0000	3
		_LORAWAN_PlatformInit		CODE           	7354	0000	33
		_DIO5_ISR_Lora_Init		CODE           	77C0	0000	7

mcc_generated_files/LoRaWAN/lorawan_init.c estimated size: 85

mcc_generated_files/LoRaWAN/radio_driver_hal.c
		_HALDIO5PinValue		CODE           	77DE	0000	7
		_HALResetPinMakeInput		CODE           	780A	0000	5
		_HALResetPinMakeOutput		CODE           	7806	0000	5
		_HALResetPinOutputValue		CODE           	7652	0000	21
		_HALSPISend    		CODE           	7778	0000	11
		_HALSPICSDeassert		CODE           	77FE	0000	5
		_HALSPICSAssert		CODE           	7802	0000	5

mcc_generated_files/LoRaWAN/radio_driver_hal.c estimated size: 59

C:\Program Files (x86)\Microchip\xc8\v1.38\sources\common\Umul32.c
		___lmul        		CODE           	5CF2	0000	135

C:\Program Files (x86)\Microchip\xc8\v1.38\sources\common\Umul32.c estimated size: 135

mcc_generated_files/LoRaWAN/lorawan_aes_cmac.c
		_GenerateSubkey		CODE           	48B6	0000	259
		_AESCmac       		CODE           	182A	0000	797
		_FillSubKey    		CODE           	6A60	0000	75

mcc_generated_files/LoRaWAN/lorawan_aes_cmac.c estimated size: 1131

C:\Program Files (x86)\Microchip\xc8\v1.38\sources\common\lldiv.c
		___lldiv       		CODE           	606A	0000	119

C:\Program Files (x86)\Microchip\xc8\v1.38\sources\common\lldiv.c estimated size: 119

mcc_generated_files/spi.c
		_SPI_Exchange8bit		CODE           	7678	0000	17
		_SPI_Initialize		CODE           	76C0	0000	13

mcc_generated_files/spi.c estimated size: 30

mcc_generated_files/LoRaWAN/radio_driver_SX1276.c
		_RADIO_ReceiveStart		CODE           	2C02	0000	513
		_RADIO_Init    		CODE           	38B8	0000	407
		_RADIO_SetSpreadingFactor		CODE           	77A2	0000	9
		_RADIO_WriteConfiguration		CODE           	13B2	0000	1145
		_RADIO_RxFSKTimeout		CODE           	6F5A	0000	55
		_RADIO_WriteFSKBitRate		CODE           	6500	0000	99
		_RADIO_WriteMode		CODE           	511E	0000	217
		_RADIO_Reset   		CODE           	6FC4	0000	53
		_RADIO_GetStatus		CODE           	77D2	0000	7
		_RADIO_RxDone  		CODE           	51F6	0000	209
		_RADIO_WriteFSKFrequencyDeviation		CODE           	649C	0000	101
		_RADIO_GetPacketSnr		CODE           	77CC	0000	7
		_RADIO_SetModulation		CODE           	77AA	0000	9
		_RADIO_RegisterWrite		CODE           	742E	0000	31
		_RADIO_ReadRandom		CODE           	5E78	0000	127
		_RADIO_ReleaseData		CODE           	77D8	0000	7
		_RADIO_FSKPacketSent		CODE           	3A4E	0000	403
		_RADIO_RegisterRead		CODE           	7260	0000	39
		_RADIO_SetBandwidth		CODE           	77B2	0000	9
		_RADIO_ReceiveStop		CODE           	7410	0000	31
		_RADIO_DIO0    		CODE           	6438	0000	101
		_RADIO_DIO1    		CODE           	6E3E	0000	59
		_RADIO_DIO2    		CODE           	6AAA	0000	73
		_RADIO_DIO3    		CODE           	75CE	0000	25
		_RADIO_DIO4    		CODE           	75B6	0000	25
		_RADIO_DIO5    		CODE           	759E	0000	25
		_RADIO_FHSSChangeChannel		CODE           	70BE	0000	47
		_RADIO_TxDone  		CODE           	3BE0	0000	395
		_RADIO_SetFrequencyHopPeriod		CODE           	7764	0000	11
		_RADIO_FSKPayloadReady		CODE           	5AA6	0000	159
		_RADIO_SetLoRaSyncWord		CODE           	776E	0000	11
		_RADIO_SetIQInverted		CODE           	7750	0000	11
		_RADIO_SetFSKSyncWord		CODE           	70EC	0000	45
		_RADIO_RxTimeout		CODE           	71EA	0000	41
		_RADIO_WritePower		CODE           	52C6	0000	207
		_RADIO_SetOutputPower		CODE           	779A	0000	9
		_RADIO_WatchdogTimeout		CODE           	6BC2	0000	67
		_RADIO_SetChannelFrequency		CODE           	5D78	0000	131
		_RADIO_Transmit		CODE           	2FF2	0000	495
		_RADIO_UnhandledInterrupt		CODE           	72CE	0000	35
		_RADIO_SetCRC  		CODE           	775A	0000	11
		_RADIO_WriteFrequency		CODE           	5042	0000	221

mcc_generated_files/LoRaWAN/radio_driver_SX1276.c estimated size: 5682

mcc_generated_files/ext_int.c
		_INT3_ISR      		CODE           	77E4	0000	7
		_INT0_SetInterruptHandler		CODE           	781E	0000	3
		_INT1_SetInterruptHandler		CODE           	773C	0000	11
		_EXT_INT_Initialize		CODE           	6B38	0000	71
		_INT2_SetInterruptHandler		CODE           	7732	0000	11
		_INT3_SetInterruptHandler		CODE           	7728	0000	11
		_INT1_DefaultInterruptHandler		CODE           	782A	0000	3
		_INT1_CallBack 		CODE           	74C4	0000	31
		_INT2_DefaultInterruptHandler		CODE           	7828	0000	3
		_INT2_CallBack 		CODE           	74A6	0000	31
		_INT3_DefaultInterruptHandler		CODE           	7826	0000	3
		_INT3_CallBack 		CODE           	7488	0000	31
		_INT1_ISR      		CODE           	77F0	0000	7
		_INT2_ISR      		CODE           	77EA	0000	7

mcc_generated_files/ext_int.c estimated size: 230

mcc_generated_files/LoRaWAN/tmr_lora_addons.c
		_TMR_ISR_Lora_Init		CODE           	76D8	0000	13
		_TMR_ISR_lora  		CODE           	69CA	0000	77

mcc_generated_files/LoRaWAN/tmr_lora_addons.c estimated size: 90

shared
		_spreadingFactor		MEDIUMCONST    	7F9B	0000	8
		_maxPayloadSize		MEDIUMCONST    	7F6D	0000	9
		_DefaultChannels433		MEDIUMCONST    	7FA8	0000	43
		_FskSyncWordBuff		MEDIUMCONST    	7FFC	0000	4
		_rxWindowSize  		MEDIUMCONST    	7F85	0000	9
		i2_TMR_SwapTimer		CODE           	6DC4	0000	63
		i2_TMR1_ReadTimer		CODE           	73B4	0000	33
		_DefaultChannels868		MEDIUMCONST    	7FD2	0000	43
		_macEndDevCmdReplyLen		MEDIUMCONST    	7F94	0000	8
		__initialization		CODE           	5B44	0000	145
		_txPower868    		MEDIUMCONST    	7FA2	0000	7
		i2_TMR1_WriteTimer		CODE           	7536	0000	29
		_rxWindowOffset		MEDIUMCONST    	7F7D	0000	9
		_STable        		MEDIUMCONST    	7E6D	0000	257
		_modulation    		MEDIUMCONST    	7F75	0000	9
		i2_SwTimersInterrupt		CODE           	4C9C	0000	239
		_bandwidth     		MEDIUMCONST    	7F8D	0000	8
		i2_TMR_GetDeltaTime		CODE           	4E76	0000	237

shared estimated size: 1160

mcc_generated_files/LoRaWAN/lorawan_eu.c
		_ExecuteNewChannel		CODE           	33A8	0000	451
		_ExecuteLinkAdr		CODE           	356A	0000	435
		_UpdateDataRange		CODE           	4AB4	0000	247
		_UpdateDutyCycle		CODE           	6FF8	0000	51
		_ValidateChannelMaskCntl		CODE           	75E6	0000	25
		_LORAWAN_RxTimeout		CODE           	2710	0000	695
		_ValidateChannelId		CODE           	73F2	0000	31
		_InitDefault433Channels		CODE           	63D2	0000	103
		_DutyCycleCallback		CODE           	2428	0000	745
		_InitDefault868Channels		CODE           	636C	0000	103
		_SelectChannelForTransmission		CODE           	65C4	0000	97
		_ValidateChannelMask		CODE           	6F22	0000	57
		_ValidateDataRate		CODE           	763E	0000	21
		_ValidateRxOffset		CODE           	762A	0000	21
		_ValidateDataRange		CODE           	6F90	0000	53
		_SetCallbackSoftwareTimers		CODE           	55D6	0000	183
		_StartReTxTimer		CODE           	441E	0000	309
		_SearchAvailableChannel		CODE           	4F62	0000	225
		_EnableChannels		CODE           	7614	0000	23
		_UpdateFrequency		CODE           	6E78	0000	59
		_ValidateFrequency		CODE           	66E0	0000	93
		_EnableChannels1		CODE           	673C	0000	89
		_ExecuteRxParamSetupReq		CODE           	42D6	0000	329
		_UpdateDLSettings		CODE           	7552	0000	27
		_GetRx1Freq    		CODE           	7666	0000	19
		_ValidateTxPower		CODE           	72F0	0000	35
		_LORAWAN_Init  		CODE           	6682	0000	95
		_ConfigureRadioTx		CODE           	6C46	0000	67
		_LORAWAN_Reset 		CODE           	3ECC	0000	351
		_ExecuteDutyCycle		CODE           	68E0	0000	79
		_UpdateCfList  		CODE           	31E0	0000	457
		_LORAWAN_SetChannelIdStatus		CODE           	6EEA	0000	57
		_StopAllSoftwareTimers		CODE           	697C	0000	79
		_UpdateChannelIdStatus		CODE           	47B0	0000	263
		_ConfigureRadio		CODE           	5F72	0000	125
		_LORAWAN_TxDone		CODE           	0B32	0000	2177
		_ExecuteDevStatus		CODE           	7746	0000	11
		_CreateAllSoftwareTimers		CODE           	688E	0000	83

mcc_generated_files/LoRaWAN/lorawan_eu.c estimated size: 8370

mcc_generated_files/mcc.c
		_OSCILLATOR_Initialize		CODE           	76CC	0000	13
		_SYSTEM_Initialize		CODE           	74E2	0000	29

mcc_generated_files/mcc.c estimated size: 42

C:\Program Files (x86)\Microchip\xc8\v1.38\sources\common\memset.c
		_memset        		CODE           	71C0	0000	43

C:\Program Files (x86)\Microchip\xc8\v1.38\sources\common\memset.c estimated size: 43

mcc_generated_files/tmr1.c
		_TMR1_Initialize		CODE           	6EB2	0000	57
		_TMR1_SetInterruptHandler		CODE           	7714	0000	11
		_TMR1_DefaultInterruptHandler		CODE           	7822	0000	3
		_TMR1_CallBack 		CODE           	744C	0000	31
		_TMR1_WriteTimer		CODE           	751A	0000	29
		_TMR1_StartTimer		CODE           	77F6	0000	5
		_TMR1_ReadTimer		CODE           	7394	0000	33
		_TMR1_ISR      		CODE           	72AA	0000	37

mcc_generated_files/tmr1.c estimated size: 206

mcc_generated_files/LoRaWAN/AES.c
		_AESEncode     		CODE           	2136	0000	755
		_EncKeySchedule		CODE           	29C6	0000	573
		_EncodeShiftRow		CODE           	3D6A	0000	355

mcc_generated_files/LoRaWAN/AES.c estimated size: 1683

C:\Program Files (x86)\Microchip\xc8\v1.38\sources\common\abdiv.c
		___abdiv       		CODE           	67EA	0000	83

C:\Program Files (x86)\Microchip\xc8\v1.38\sources\common\abdiv.c estimated size: 83

main.c
		_sendPacket    		CODE           	7334	0000	33
		_main          		CODE           	551A	0000	189
		_flash         		CODE           	6AF2	0000	71
		_RxJoinResponse		CODE           	77C6	0000	7
		_RxDataDone    		CODE           	7820	0000	3

main.c estimated size: 303

